Archive member included to satisfy reference by file (symbol)

/home/itsmeayoub/Documents/Compilers/gcc-arm-none-eabi/bin/../lib/gcc/arm-none-eabi/10.3.1/../../../../arm-none-eabi/lib/thumb/v7e-m+fp/hard/libc_nano.a(lib_a-exit.o)
                              /home/itsmeayoub/Documents/Compilers/gcc-arm-none-eabi/bin/../lib/gcc/arm-none-eabi/10.3.1/../../../../arm-none-eabi/lib/thumb/v7e-m+fp/hard/crt0.o (exit)
/home/itsmeayoub/Documents/Compilers/gcc-arm-none-eabi/bin/../lib/gcc/arm-none-eabi/10.3.1/../../../../arm-none-eabi/lib/thumb/v7e-m+fp/hard/libc_nano.a(lib_a-impure.o)
                              /home/itsmeayoub/Documents/Compilers/gcc-arm-none-eabi/bin/../lib/gcc/arm-none-eabi/10.3.1/../../../../arm-none-eabi/lib/thumb/v7e-m+fp/hard/libc_nano.a(lib_a-exit.o) (_global_impure_ptr)
/home/itsmeayoub/Documents/Compilers/gcc-arm-none-eabi/bin/../lib/gcc/arm-none-eabi/10.3.1/../../../../arm-none-eabi/lib/thumb/v7e-m+fp/hard/libc_nano.a(lib_a-init.o)
                              /home/itsmeayoub/Documents/Compilers/gcc-arm-none-eabi/bin/../lib/gcc/arm-none-eabi/10.3.1/../../../../arm-none-eabi/lib/thumb/v7e-m+fp/hard/crt0.o (__libc_init_array)
/home/itsmeayoub/Documents/Compilers/gcc-arm-none-eabi/bin/../lib/gcc/arm-none-eabi/10.3.1/../../../../arm-none-eabi/lib/thumb/v7e-m+fp/hard/libc_nano.a(lib_a-memset.o)
                              /home/itsmeayoub/Documents/Compilers/gcc-arm-none-eabi/bin/../lib/gcc/arm-none-eabi/10.3.1/../../../../arm-none-eabi/lib/thumb/v7e-m+fp/hard/crt0.o (memset)
/home/itsmeayoub/Documents/Compilers/gcc-arm-none-eabi/bin/../lib/gcc/arm-none-eabi/10.3.1/thumb/v7e-m+fp/hard/libgcc.a(_aeabi_uldivmod.o)
                              CMakeFiles/NUCLEOF4_CMAKE.dir/Drivers/STM32F4xx_HAL_Driver/Src/stm32f4xx_hal_rcc.c.obj (__aeabi_uldivmod)
/home/itsmeayoub/Documents/Compilers/gcc-arm-none-eabi/bin/../lib/gcc/arm-none-eabi/10.3.1/thumb/v7e-m+fp/hard/libgcc.a(_udivmoddi4.o)
                              /home/itsmeayoub/Documents/Compilers/gcc-arm-none-eabi/bin/../lib/gcc/arm-none-eabi/10.3.1/thumb/v7e-m+fp/hard/libgcc.a(_aeabi_uldivmod.o) (__udivmoddi4)
/home/itsmeayoub/Documents/Compilers/gcc-arm-none-eabi/bin/../lib/gcc/arm-none-eabi/10.3.1/thumb/v7e-m+fp/hard/libgcc.a(_dvmd_tls.o)
                              /home/itsmeayoub/Documents/Compilers/gcc-arm-none-eabi/bin/../lib/gcc/arm-none-eabi/10.3.1/thumb/v7e-m+fp/hard/libgcc.a(_aeabi_uldivmod.o) (__aeabi_ldiv0)
/home/itsmeayoub/Documents/Compilers/gcc-arm-none-eabi/bin/../lib/gcc/arm-none-eabi/10.3.1/../../../../arm-none-eabi/lib/thumb/v7e-m+fp/hard/libg_nano.a(lib_a-errno.o)
                              CMakeFiles/NUCLEOF4_CMAKE.dir/Core/Src/syscalls.c.obj (__errno)
/home/itsmeayoub/Documents/Compilers/gcc-arm-none-eabi/bin/../lib/gcc/arm-none-eabi/10.3.1/../../../../arm-none-eabi/lib/thumb/v7e-m+fp/hard/libg_nano.a(lib_a-memcpy-stub.o)
                              CMakeFiles/NUCLEOF4_CMAKE.dir/ThirdParty/FreeRTOS/org/queue.c.obj (memcpy)

Discarded input sections

 .text          0x0000000000000000        0x0 /home/itsmeayoub/Documents/Compilers/gcc-arm-none-eabi/bin/../lib/gcc/arm-none-eabi/10.3.1/thumb/v7e-m+fp/hard/crti.o
 .data          0x0000000000000000        0x0 /home/itsmeayoub/Documents/Compilers/gcc-arm-none-eabi/bin/../lib/gcc/arm-none-eabi/10.3.1/thumb/v7e-m+fp/hard/crti.o
 .bss           0x0000000000000000        0x0 /home/itsmeayoub/Documents/Compilers/gcc-arm-none-eabi/bin/../lib/gcc/arm-none-eabi/10.3.1/thumb/v7e-m+fp/hard/crti.o
 .data          0x0000000000000000        0x4 /home/itsmeayoub/Documents/Compilers/gcc-arm-none-eabi/bin/../lib/gcc/arm-none-eabi/10.3.1/thumb/v7e-m+fp/hard/crtbegin.o
 .rodata        0x0000000000000000       0x24 /home/itsmeayoub/Documents/Compilers/gcc-arm-none-eabi/bin/../lib/gcc/arm-none-eabi/10.3.1/thumb/v7e-m+fp/hard/crtbegin.o
 .text          0x0000000000000000       0x7c /home/itsmeayoub/Documents/Compilers/gcc-arm-none-eabi/bin/../lib/gcc/arm-none-eabi/10.3.1/../../../../arm-none-eabi/lib/thumb/v7e-m+fp/hard/crt0.o
 .data          0x0000000000000000        0x0 /home/itsmeayoub/Documents/Compilers/gcc-arm-none-eabi/bin/../lib/gcc/arm-none-eabi/10.3.1/../../../../arm-none-eabi/lib/thumb/v7e-m+fp/hard/crt0.o
 .bss           0x0000000000000000        0x0 /home/itsmeayoub/Documents/Compilers/gcc-arm-none-eabi/bin/../lib/gcc/arm-none-eabi/10.3.1/../../../../arm-none-eabi/lib/thumb/v7e-m+fp/hard/crt0.o
 .ARM.extab     0x0000000000000000        0x0 /home/itsmeayoub/Documents/Compilers/gcc-arm-none-eabi/bin/../lib/gcc/arm-none-eabi/10.3.1/../../../../arm-none-eabi/lib/thumb/v7e-m+fp/hard/crt0.o
 .ARM.exidx     0x0000000000000000       0x10 /home/itsmeayoub/Documents/Compilers/gcc-arm-none-eabi/bin/../lib/gcc/arm-none-eabi/10.3.1/../../../../arm-none-eabi/lib/thumb/v7e-m+fp/hard/crt0.o
 .ARM.attributes
[...]
Memory Configuration

Name             Origin             Length             Attributes
RAM              0x0000000020000000 0x0000000000020000 xrw
FLASH            0x0000000008000000 0x0000000000080000 xr
*default*        0x0000000000000000 0xffffffffffffffff

Linker script and memory map

LOAD /home/itsmeayoub/Documents/Compilers/gcc-arm-none-eabi/bin/../lib/gcc/arm-none-eabi/10.3.1/thumb/v7e-m+fp/hard/crti.o
LOAD /home/itsmeayoub/Documents/Compilers/gcc-arm-none-eabi/bin/../lib/gcc/arm-none-eabi/10.3.1/thumb/v7e-m+fp/hard/crtbegin.o
LOAD /home/itsmeayoub/Documents/Compilers/gcc-arm-none-eabi/bin/../lib/gcc/arm-none-eabi/10.3.1/../../../../arm-none-eabi/lib/thumb/v7e-m+fp/hard/crt0.o
START GROUP
LOAD /home/itsmeayoub/Documents/Compilers/gcc-arm-none-eabi/bin/../lib/gcc/arm-none-eabi/10.3.1/../../../../arm-none-eabi/lib/thumb/v7e-m+fp/hard/libc_nano.a
LOAD /home/itsmeayoub/Documents/Compilers/gcc-arm-none-eabi/bin/../lib/gcc/arm-none-eabi/10.3.1/../../../../arm-none-eabi/lib/thumb/v7e-m+fp/hard/libm.a
LOAD /home/itsmeayoub/Documents/Compilers/gcc-arm-none-eabi/bin/../lib/gcc/arm-none-eabi/10.3.1/../../../../arm-none-eabi/lib/thumb/v7e-m+fp/hard/libstdc++_nano.a
END GROUP
LOAD CMakeFiles/NUCLEOF4_CMAKE.dir/Core/Src/main.c.obj
LOAD CMakeFiles/NUCLEOF4_CMAKE.dir/Core/Src/stm32f4xx_hal_msp.c.obj
LOAD CMakeFiles/NUCLEOF4_CMAKE.dir/Core/Src/stm32f4xx_it.c.obj
LOAD CMakeFiles/NUCLEOF4_CMAKE.dir/Core/Src/syscalls.c.obj
LOAD CMakeFiles/NUCLEOF4_CMAKE.dir/Core/Src/sysmem.c.obj
LOAD CMakeFiles/NUCLEOF4_CMAKE.dir/Core/Src/system_stm32f4xx.c.obj
LOAD CMakeFiles/NUCLEOF4_CMAKE.dir/Drivers/STM32F4xx_HAL_Driver/Src/stm32f4xx_hal.c.obj
LOAD CMakeFiles/NUCLEOF4_CMAKE.dir/Drivers/STM32F4xx_HAL_Driver/Src/stm32f4xx_hal_cortex.c.obj
LOAD CMakeFiles/NUCLEOF4_CMAKE.dir/Drivers/STM32F4xx_HAL_Driver/Src/stm32f4xx_hal_dma.c.obj
LOAD CMakeFiles/NUCLEOF4_CMAKE.dir/Drivers/STM32F4xx_HAL_Driver/Src/stm32f4xx_hal_dma_ex.c.obj
LOAD CMakeFiles/NUCLEOF4_CMAKE.dir/Drivers/STM32F4xx_HAL_Driver/Src/stm32f4xx_hal_exti.c.obj
LOAD CMakeFiles/NUCLEOF4_CMAKE.dir/Drivers/STM32F4xx_HAL_Driver/Src/stm32f4xx_hal_flash.c.obj
LOAD CMakeFiles/NUCLEOF4_CMAKE.dir/Drivers/STM32F4xx_HAL_Driver/Src/stm32f4xx_hal_flash_ex.c.obj
LOAD CMakeFiles/NUCLEOF4_CMAKE.dir/Drivers/STM32F4xx_HAL_Driver/Src/stm32f4xx_hal_flash_ramfunc.c.obj
LOAD CMakeFiles/NUCLEOF4_CMAKE.dir/Drivers/STM32F4xx_HAL_Driver/Src/stm32f4xx_hal_gpio.c.obj
LOAD CMakeFiles/NUCLEOF4_CMAKE.dir/Drivers/STM32F4xx_HAL_Driver/Src/stm32f4xx_hal_pwr.c.obj
LOAD CMakeFiles/NUCLEOF4_CMAKE.dir/Drivers/STM32F4xx_HAL_Driver/Src/stm32f4xx_hal_pwr_ex.c.obj
LOAD CMakeFiles/NUCLEOF4_CMAKE.dir/Drivers/STM32F4xx_HAL_Driver/Src/stm32f4xx_hal_rcc.c.obj
LOAD CMakeFiles/NUCLEOF4_CMAKE.dir/Drivers/STM32F4xx_HAL_Driver/Src/stm32f4xx_hal_rcc_ex.c.obj
LOAD CMakeFiles/NUCLEOF4_CMAKE.dir/Drivers/STM32F4xx_HAL_Driver/Src/stm32f4xx_hal_tim.c.obj
LOAD CMakeFiles/NUCLEOF4_CMAKE.dir/Drivers/STM32F4xx_HAL_Driver/Src/stm32f4xx_hal_tim_ex.c.obj
LOAD CMakeFiles/NUCLEOF4_CMAKE.dir/Drivers/STM32F4xx_HAL_Driver/Src/stm32f4xx_hal_uart.c.obj
LOAD CMakeFiles/NUCLEOF4_CMAKE.dir/ThirdParty/FreeRTOS/org/croutine.c.obj
LOAD CMakeFiles/NUCLEOF4_CMAKE.dir/ThirdParty/FreeRTOS/org/event_groups.c.obj
LOAD CMakeFiles/NUCLEOF4_CMAKE.dir/ThirdParty/FreeRTOS/org/list.c.obj
LOAD CMakeFiles/NUCLEOF4_CMAKE.dir/ThirdParty/FreeRTOS/org/portable/GCC/ARM_CM4F/port.c.obj
LOAD CMakeFiles/NUCLEOF4_CMAKE.dir/ThirdParty/FreeRTOS/org/portable/MemMang/heap_4.c.obj
LOAD CMakeFiles/NUCLEOF4_CMAKE.dir/ThirdParty/FreeRTOS/org/queue.c.obj
LOAD CMakeFiles/NUCLEOF4_CMAKE.dir/ThirdParty/FreeRTOS/org/stream_buffer.c.obj
LOAD CMakeFiles/NUCLEOF4_CMAKE.dir/ThirdParty/FreeRTOS/org/tasks.c.obj
LOAD CMakeFiles/NUCLEOF4_CMAKE.dir/ThirdParty/FreeRTOS/org/timers.c.obj
LOAD CMakeFiles/NUCLEOF4_CMAKE.dir/startup_stm32f446retx.s.obj
START GROUP
LOAD /home/itsmeayoub/Documents/Compilers/gcc-arm-none-eabi/bin/../lib/gcc/arm-none-eabi/10.3.1/thumb/v7e-m+fp/hard/libgcc.a
LOAD /home/itsmeayoub/Documents/Compilers/gcc-arm-none-eabi/bin/../lib/gcc/arm-none-eabi/10.3.1/../../../../arm-none-eabi/lib/thumb/v7e-m+fp/hard/libg_nano.a
LOAD /home/itsmeayoub/Documents/Compilers/gcc-arm-none-eabi/bin/../lib/gcc/arm-none-eabi/10.3.1/../../../../arm-none-eabi/lib/thumb/v7e-m+fp/hard/libc_nano.a
END GROUP
START GROUP
LOAD /home/itsmeayoub/Documents/Compilers/gcc-arm-none-eabi/bin/../lib/gcc/arm-none-eabi/10.3.1/thumb/v7e-m+fp/hard/libgcc.a
LOAD /home/itsmeayoub/Documents/Compilers/gcc-arm-none-eabi/bin/../lib/gcc/arm-none-eabi/10.3.1/../../../../arm-none-eabi/lib/thumb/v7e-m+fp/hard/libc_nano.a
LOAD /home/itsmeayoub/Documents/Compilers/gcc-arm-none-eabi/bin/../lib/gcc/arm-none-eabi/10.3.1/../../../../arm-none-eabi/lib/thumb/v7e-m+fp/hard/libnosys.a
END GROUP
START GROUP
LOAD /home/itsmeayoub/Documents/Compilers/gcc-arm-none-eabi/bin/../lib/gcc/arm-none-eabi/10.3.1/thumb/v7e-m+fp/hard/libgcc.a
LOAD /home/itsmeayoub/Documents/Compilers/gcc-arm-none-eabi/bin/../lib/gcc/arm-none-eabi/10.3.1/../../../../arm-none-eabi/lib/thumb/v7e-m+fp/hard/libc_nano.a
LOAD /home/itsmeayoub/Documents/Compilers/gcc-arm-none-eabi/bin/../lib/gcc/arm-none-eabi/10.3.1/../../../../arm-none-eabi/lib/thumb/v7e-m+fp/hard/libnosys.a
END GROUP
LOAD /home/itsmeayoub/Documents/Compilers/gcc-arm-none-eabi/bin/../lib/gcc/arm-none-eabi/10.3.1/thumb/v7e-m+fp/hard/crtend.o
LOAD /home/itsmeayoub/Documents/Compilers/gcc-arm-none-eabi/bin/../lib/gcc/arm-none-eabi/10.3.1/thumb/v7e-m+fp/hard/crtn.o
                0x0000000020020000                _estack = (ORIGIN (RAM) + LENGTH (RAM))
                0x0000000000000200                _Min_Heap_Size = 0x200
                0x0000000000000400                _Min_Stack_Size = 0x400

.isr_vector     0x0000000008000000      0x1c4
                0x0000000008000000                . = ALIGN (0x4)
 *(.isr_vector)
 .isr_vector    0x0000000008000000      0x1c4 CMakeFiles/NUCLEOF4_CMAKE.dir/startup_stm32f446retx.s.obj
                0x0000000008000000                g_pfnVectors
                0x00000000080001c4                . = ALIGN (0x4)

.text           0x00000000080001c4      0xc94
                0x00000000080001c4                . = ALIGN (0x4)
 *(.text)
 .text          0x00000000080001c4       0x40 /home/itsmeayoub/Documents/Compilers/gcc-arm-none-eabi/bin/../lib/gcc/arm-none-eabi/10.3.1/thumb/v7e-m+fp/hard/crtbegin.o
 *(.text*)
 .text.__libc_init_array
                0x0000000008000204       0x48 /home/itsmeayoub/Documents/Compilers/gcc-arm-none-eabi/bin/../lib/gcc/arm-none-eabi/10.3.1/../../../../arm-none-eabi/lib/thumb/v7e-m+fp/hard/libc_nano.a(lib_a-init.o)
                0x0000000008000204                __libc_init_array
 .text.memset   0x000000000800024c       0x10 /home/itsmeayoub/Documents/Compilers/gcc-arm-none-eabi/bin/../lib/gcc/arm-none-eabi/10.3.1/../../../../arm-none-eabi/lib/thumb/v7e-m+fp/hard/libc_nano.a(lib_a-memset.o)
                0x000000000800024c                memset
 .text.vTask1_handler
                0x000000000800025c        0x2 CMakeFiles/NUCLEOF4_CMAKE.dir/Core/Src/main.c.obj
                0x000000000800025c                vTask1_handler
 .text.vTask2_handler
                0x000000000800025e        0x2 CMakeFiles/NUCLEOF4_CMAKE.dir/Core/Src/main.c.obj
                0x000000000800025e                vTask2_handler
 .text.main     0x0000000008000260       0x50 CMakeFiles/NUCLEOF4_CMAKE.dir/Core/Src/main.c.obj
                0x0000000008000260                main
 .text.NMI_Handler
                0x00000000080002b0        0x2 CMakeFiles/NUCLEOF4_CMAKE.dir/Core/Src/stm32f4xx_it.c.obj
                0x00000000080002b0                NMI_Handler
 .text.HardFault_Handler
                0x00000000080002b2        0x2 CMakeFiles/NUCLEOF4_CMAKE.dir/Core/Src/stm32f4xx_it.c.obj
                0x00000000080002b2                HardFault_Handler
 .text.MemManage_Handler
                0x00000000080002b4        0x2 CMakeFiles/NUCLEOF4_CMAKE.dir/Core/Src/stm32f4xx_it.c.obj
                0x00000000080002b4                MemManage_Handler
 .text.BusFault_Handler
                0x00000000080002b6        0x2 CMakeFiles/NUCLEOF4_CMAKE.dir/Core/Src/stm32f4xx_it.c.obj
                0x00000000080002b6                BusFault_Handler
 .text.UsageFault_Handler
                0x00000000080002b8        0x2 CMakeFiles/NUCLEOF4_CMAKE.dir/Core/Src/stm32f4xx_it.c.obj
                0x00000000080002b8                UsageFault_Handler
 .text.SVC_Handler
                0x00000000080002ba        0x2 CMakeFiles/NUCLEOF4_CMAKE.dir/Core/Src/stm32f4xx_it.c.obj
                0x00000000080002ba                SVC_Handler
 .text.DebugMon_Handler
                0x00000000080002bc        0x2 CMakeFiles/NUCLEOF4_CMAKE.dir/Core/Src/stm32f4xx_it.c.obj
                0x00000000080002bc                DebugMon_Handler
 .text.PendSV_Handler
                0x00000000080002be        0x2 CMakeFiles/NUCLEOF4_CMAKE.dir/Core/Src/stm32f4xx_it.c.obj
                0x00000000080002be                PendSV_Handler
 .text.SysTick_Handler
                0x00000000080002c0        0x8 CMakeFiles/NUCLEOF4_CMAKE.dir/Core/Src/stm32f4xx_it.c.obj
                0x00000000080002c0                SysTick_Handler
 .text.SystemInit
                0x00000000080002c8       0x14 CMakeFiles/NUCLEOF4_CMAKE.dir/Core/Src/system_stm32f4xx.c.obj
                0x00000000080002c8                SystemInit
 .text.SystemCoreClockUpdate
                0x00000000080002dc       0xa0 CMakeFiles/NUCLEOF4_CMAKE.dir/Core/Src/system_stm32f4xx.c.obj
                0x00000000080002dc                SystemCoreClockUpdate
 .text.HAL_InitTick
                0x000000000800037c       0x4c CMakeFiles/NUCLEOF4_CMAKE.dir/Drivers/STM32F4xx_HAL_Driver/Src/stm32f4xx_hal.c.obj
                0x000000000800037c                HAL_InitTick
 .text.HAL_IncTick
                0x00000000080003c8       0x18 CMakeFiles/NUCLEOF4_CMAKE.dir/Drivers/STM32F4xx_HAL_Driver/Src/stm32f4xx_hal.c.obj
                0x00000000080003c8                HAL_IncTick
 .text.HAL_GetTick
                0x00000000080003e0        0xc CMakeFiles/NUCLEOF4_CMAKE.dir/Drivers/STM32F4xx_HAL_Driver/Src/stm32f4xx_hal.c.obj
                0x00000000080003e0                HAL_GetTick
 .text.HAL_NVIC_SetPriority
                0x00000000080003ec       0x70 CMakeFiles/NUCLEOF4_CMAKE.dir/Drivers/STM32F4xx_HAL_Driver/Src/stm32f4xx_hal_cortex.c.obj
                0x00000000080003ec                HAL_NVIC_SetPriority
 .text.HAL_SYSTICK_Config
                0x000000000800045c       0x28 CMakeFiles/NUCLEOF4_CMAKE.dir/Drivers/STM32F4xx_HAL_Driver/Src/stm32f4xx_hal_cortex.c.obj
                0x000000000800045c                HAL_SYSTICK_Config
 .text.HAL_RCC_DeInit
                0x0000000008000484      0x178 CMakeFiles/NUCLEOF4_CMAKE.dir/Drivers/STM32F4xx_HAL_Driver/Src/stm32f4xx_hal_rcc_ex.c.obj
                0x0000000008000484                HAL_RCC_DeInit
 .text.vListInitialise
                0x00000000080005fc       0x16 CMakeFiles/NUCLEOF4_CMAKE.dir/ThirdParty/FreeRTOS/org/list.c.obj
                0x00000000080005fc                vListInitialise
 .text.vListInitialiseItem
                0x0000000008000612        0x6 CMakeFiles/NUCLEOF4_CMAKE.dir/ThirdParty/FreeRTOS/org/list.c.obj
                0x0000000008000612                vListInitialiseItem
 .text.vListInsertEnd
                0x0000000008000618       0x16 CMakeFiles/NUCLEOF4_CMAKE.dir/ThirdParty/FreeRTOS/org/list.c.obj
                0x0000000008000618                vListInsertEnd
 .text.uxListRemove
                0x000000000800062e       0x26 CMakeFiles/NUCLEOF4_CMAKE.dir/ThirdParty/FreeRTOS/org/list.c.obj
                0x000000000800062e                uxListRemove
 .text.prvTaskExitError
                0x0000000008000654       0x40 CMakeFiles/NUCLEOF4_CMAKE.dir/ThirdParty/FreeRTOS/org/portable/GCC/ARM_CM4F/port.c.obj
 .text.pxPortInitialiseStack
                0x0000000008000694       0x2c CMakeFiles/NUCLEOF4_CMAKE.dir/ThirdParty/FreeRTOS/org/portable/GCC/ARM_CM4F/port.c.obj
                0x0000000008000694                pxPortInitialiseStack
 .text.vPortEnterCritical
                0x00000000080006c0       0x44 CMakeFiles/NUCLEOF4_CMAKE.dir/ThirdParty/FreeRTOS/org/portable/GCC/ARM_CM4F/port.c.obj
                0x00000000080006c0                vPortEnterCritical
 .text.vPortExitCritical
                0x0000000008000704       0x2c CMakeFiles/NUCLEOF4_CMAKE.dir/ThirdParty/FreeRTOS/org/portable/GCC/ARM_CM4F/port.c.obj
                0x0000000008000704                vPortExitCritical
 .text.prvHeapInit
                0x0000000008000730       0x64 CMakeFiles/NUCLEOF4_CMAKE.dir/ThirdParty/FreeRTOS/org/portable/MemMang/heap_4.c.obj
 .text.prvInsertBlockIntoFreeList
                0x0000000008000794       0x64 CMakeFiles/NUCLEOF4_CMAKE.dir/ThirdParty/FreeRTOS/org/portable/MemMang/heap_4.c.obj
 .text.pvPortMalloc
                0x00000000080007f8      0x104 CMakeFiles/NUCLEOF4_CMAKE.dir/ThirdParty/FreeRTOS/org/portable/MemMang/heap_4.c.obj
                0x00000000080007f8                pvPortMalloc
 .text.vPortFree
                0x00000000080008fc       0x70 CMakeFiles/NUCLEOF4_CMAKE.dir/ThirdParty/FreeRTOS/org/portable/MemMang/heap_4.c.obj
                0x00000000080008fc                vPortFree
 .text.prvResetNextTaskUnblockTime
                0x000000000800096c       0x28 CMakeFiles/NUCLEOF4_CMAKE.dir/ThirdParty/FreeRTOS/org/tasks.c.obj
 .text.prvInitialiseNewTask
                0x0000000008000994       0xa6 CMakeFiles/NUCLEOF4_CMAKE.dir/ThirdParty/FreeRTOS/org/tasks.c.obj
 *fill*         0x0000000008000a3a        0x2 
 .text.prvInitialiseTaskLists
                0x0000000008000a3c       0x68 CMakeFiles/NUCLEOF4_CMAKE.dir/ThirdParty/FreeRTOS/org/tasks.c.obj
 .text.prvAddNewTaskToReadyList
                0x0000000008000aa4       0xac CMakeFiles/NUCLEOF4_CMAKE.dir/ThirdParty/FreeRTOS/org/tasks.c.obj
 .text.xTaskCreate
                0x0000000008000b50       0x68 CMakeFiles/NUCLEOF4_CMAKE.dir/ThirdParty/FreeRTOS/org/tasks.c.obj
                0x0000000008000b50                xTaskCreate
 .text.vTaskSuspendAll
                0x0000000008000bb8       0x10 CMakeFiles/NUCLEOF4_CMAKE.dir/ThirdParty/FreeRTOS/org/tasks.c.obj
                0x0000000008000bb8                vTaskSuspendAll
 .text.xTaskIncrementTick
                0x0000000008000bc8      0x12c CMakeFiles/NUCLEOF4_CMAKE.dir/ThirdParty/FreeRTOS/org/tasks.c.obj
                0x0000000008000bc8                xTaskIncrementTick
 .text.xTaskResumeAll
                0x0000000008000cf4       0xf8 CMakeFiles/NUCLEOF4_CMAKE.dir/ThirdParty/FreeRTOS/org/tasks.c.obj
                0x0000000008000cf4                xTaskResumeAll
 .text.Reset_Handler
                0x0000000008000dec       0x50 CMakeFiles/NUCLEOF4_CMAKE.dir/startup_stm32f446retx.s.obj
                0x0000000008000dec                Reset_Handler
 .text.Default_Handler
                0x0000000008000e3c        0x2 CMakeFiles/NUCLEOF4_CMAKE.dir/startup_stm32f446retx.s.obj
                0x0000000008000e3c                RTC_Alarm_IRQHandler
                0x0000000008000e3c                EXTI2_IRQHandler
                0x0000000008000e3c                TIM8_CC_IRQHandler
                0x0000000008000e3c                FMPI2C1_EV_IRQHandler
                0x0000000008000e3c                SPI4_IRQHandler
                0x0000000008000e3c                TIM1_CC_IRQHandler
                0x0000000008000e3c                DMA2_Stream5_IRQHandler
                0x0000000008000e3c                DMA1_Stream5_IRQHandler
                0x0000000008000e3c                PVD_IRQHandler
                0x0000000008000e3c                SDIO_IRQHandler
                0x0000000008000e3c                TAMP_STAMP_IRQHandler
                0x0000000008000e3c                CAN2_RX1_IRQHandler
                0x0000000008000e3c                EXTI3_IRQHandler
                0x0000000008000e3c                TIM8_TRG_COM_TIM14_IRQHandler
                0x0000000008000e3c                TIM1_UP_TIM10_IRQHandler
                0x0000000008000e3c                TIM8_UP_TIM13_IRQHandler
                0x0000000008000e3c                I2C3_ER_IRQHandler
                0x0000000008000e3c                EXTI0_IRQHandler
                0x0000000008000e3c                I2C2_EV_IRQHandler
                0x0000000008000e3c                DMA1_Stream2_IRQHandler
                0x0000000008000e3c                CAN1_RX0_IRQHandler
                0x0000000008000e3c                FPU_IRQHandler
                0x0000000008000e3c                OTG_HS_WKUP_IRQHandler
                0x0000000008000e3c                CAN2_SCE_IRQHandler
                0x0000000008000e3c                DMA2_Stream2_IRQHandler
                0x0000000008000e3c                SPI1_IRQHandler
                0x0000000008000e3c                TIM6_DAC_IRQHandler
                0x0000000008000e3c                TIM1_BRK_TIM9_IRQHandler
                0x0000000008000e3c                DCMI_IRQHandler
                0x0000000008000e3c                CAN2_RX0_IRQHandler
                0x0000000008000e3c                DMA2_Stream3_IRQHandler
                0x0000000008000e3c                SAI2_IRQHandler
                0x0000000008000e3c                USART6_IRQHandler
                0x0000000008000e3c                USART3_IRQHandler
                0x0000000008000e3c                CAN1_RX1_IRQHandler
                0x0000000008000e3c                UART5_IRQHandler
                0x0000000008000e3c                DMA2_Stream0_IRQHandler
                0x0000000008000e3c                TIM4_IRQHandler
                0x0000000008000e3c                QUADSPI_IRQHandler
                0x0000000008000e3c                I2C1_EV_IRQHandler
                0x0000000008000e3c                DMA1_Stream6_IRQHandler
                0x0000000008000e3c                DMA1_Stream1_IRQHandler
                0x0000000008000e3c                UART4_IRQHandler
                0x0000000008000e3c                TIM3_IRQHandler
                0x0000000008000e3c                RCC_IRQHandler
                0x0000000008000e3c                TIM8_BRK_TIM12_IRQHandler
                0x0000000008000e3c                Default_Handler
                0x0000000008000e3c                CEC_IRQHandler
                0x0000000008000e3c                EXTI15_10_IRQHandler
                0x0000000008000e3c                ADC_IRQHandler
                0x0000000008000e3c                DMA1_Stream7_IRQHandler
                0x0000000008000e3c                TIM7_IRQHandler
                0x0000000008000e3c                CAN2_TX_IRQHandler
                0x0000000008000e3c                TIM5_IRQHandler
                0x0000000008000e3c                DMA2_Stream7_IRQHandler
                0x0000000008000e3c                I2C3_EV_IRQHandler
                0x0000000008000e3c                EXTI9_5_IRQHandler
                0x0000000008000e3c                RTC_WKUP_IRQHandler
                0x0000000008000e3c                SPDIF_RX_IRQHandler
                0x0000000008000e3c                SPI2_IRQHandler
                0x0000000008000e3c                OTG_HS_EP1_IN_IRQHandler
                0x0000000008000e3c                DMA1_Stream0_IRQHandler
                0x0000000008000e3c                CAN1_TX_IRQHandler
                0x0000000008000e3c                FMPI2C1_ER_IRQHandler
                0x0000000008000e3c                EXTI4_IRQHandler
                0x0000000008000e3c                OTG_HS_EP1_OUT_IRQHandler
                0x0000000008000e3c                WWDG_IRQHandler
                0x0000000008000e3c                TIM2_IRQHandler
                0x0000000008000e3c                OTG_FS_WKUP_IRQHandler
                0x0000000008000e3c                TIM1_TRG_COM_TIM11_IRQHandler
                0x0000000008000e3c                OTG_HS_IRQHandler
                0x0000000008000e3c                EXTI1_IRQHandler
                0x0000000008000e3c                USART2_IRQHandler
                0x0000000008000e3c                I2C2_ER_IRQHandler
                0x0000000008000e3c                DMA2_Stream1_IRQHandler
                0x0000000008000e3c                CAN1_SCE_IRQHandler
                0x0000000008000e3c                FLASH_IRQHandler
                0x0000000008000e3c                DMA2_Stream4_IRQHandler
                0x0000000008000e3c                USART1_IRQHandler
                0x0000000008000e3c                OTG_FS_IRQHandler
                0x0000000008000e3c                SPI3_IRQHandler
                0x0000000008000e3c                DMA1_Stream4_IRQHandler
                0x0000000008000e3c                I2C1_ER_IRQHandler
                0x0000000008000e3c                FMC_IRQHandler
                0x0000000008000e3c                DMA2_Stream6_IRQHandler
                0x0000000008000e3c                SAI1_IRQHandler
                0x0000000008000e3c                DMA1_Stream3_IRQHandler
 *(.glue_7)
 .glue_7        0x0000000008000e3e        0x0 linker stubs
 *(.glue_7t)
 .glue_7t       0x0000000008000e3e        0x0 linker stubs
 *(.eh_frame)
 *fill*         0x0000000008000e3e        0x2 
 .eh_frame      0x0000000008000e40        0x0 /home/itsmeayoub/Documents/Compilers/gcc-arm-none-eabi/bin/../lib/gcc/arm-none-eabi/10.3.1/thumb/v7e-m+fp/hard/crtbegin.o
 *(.init)
 .init          0x0000000008000e40        0x4 /home/itsmeayoub/Documents/Compilers/gcc-arm-none-eabi/bin/../lib/gcc/arm-none-eabi/10.3.1/thumb/v7e-m+fp/hard/crti.o
                0x0000000008000e40                _init
 .init          0x0000000008000e44        0x8 /home/itsmeayoub/Documents/Compilers/gcc-arm-none-eabi/bin/../lib/gcc/arm-none-eabi/10.3.1/thumb/v7e-m+fp/hard/crtn.o
 *(.fini)
 .fini          0x0000000008000e4c        0x4 /home/itsmeayoub/Documents/Compilers/gcc-arm-none-eabi/bin/../lib/gcc/arm-none-eabi/10.3.1/thumb/v7e-m+fp/hard/crti.o
                0x0000000008000e4c                _fini
 .fini          0x0000000008000e50        0x8 /home/itsmeayoub/Documents/Compilers/gcc-arm-none-eabi/bin/../lib/gcc/arm-none-eabi/10.3.1/thumb/v7e-m+fp/hard/crtn.o
                0x0000000008000e58                . = ALIGN (0x4)
                0x0000000008000e58                _etext = .

.vfp11_veneer   0x0000000008000e58        0x0
 .vfp11_veneer  0x0000000008000e58        0x0 linker stubs

.v4_bx          0x0000000008000e58        0x0
 .v4_bx         0x0000000008000e58        0x0 linker stubs

.iplt           0x0000000008000e58        0x0
 .iplt          0x0000000008000e58        0x0 /home/itsmeayoub/Documents/Compilers/gcc-arm-none-eabi/bin/../lib/gcc/arm-none-eabi/10.3.1/thumb/v7e-m+fp/hard/crtbegin.o

.rodata         0x0000000008000e58       0x28
                0x0000000008000e58                . = ALIGN (0x4)
 *(.rodata)
 *(.rodata*)
 .rodata.main.str1.4
                0x0000000008000e58       0x18 CMakeFiles/NUCLEOF4_CMAKE.dir/Core/Src/main.c.obj
 .rodata.AHBPrescTable
                0x0000000008000e70       0x10 CMakeFiles/NUCLEOF4_CMAKE.dir/Core/Src/system_stm32f4xx.c.obj
                0x0000000008000e70                AHBPrescTable
                0x0000000008000e80                . = ALIGN (0x4)

.rel.dyn        0x0000000008000e80        0x0
 .rel.iplt      0x0000000008000e80        0x0 /home/itsmeayoub/Documents/Compilers/gcc-arm-none-eabi/bin/../lib/gcc/arm-none-eabi/10.3.1/thumb/v7e-m+fp/hard/crtbegin.o

.ARM.extab      0x0000000008000e80        0x0
                0x0000000008000e80                . = ALIGN (0x4)
 *(.ARM.extab* .gnu.linkonce.armextab.*)
                0x0000000008000e80                . = ALIGN (0x4)

.ARM            0x0000000008000e80        0x0
                0x0000000008000e80                . = ALIGN (0x4)
                0x0000000008000e80                __exidx_start = .
 *(.ARM.exidx*)
                0x0000000008000e80                __exidx_end = .
                0x0000000008000e80                . = ALIGN (0x4)

.preinit_array  0x0000000008000e80        0x0
                0x0000000008000e80                . = ALIGN (0x4)
                0x0000000008000e80                PROVIDE (__preinit_array_start = .)
 *(.preinit_array*)
                0x0000000008000e80                PROVIDE (__preinit_array_end = .)
                0x0000000008000e80                . = ALIGN (0x4)

.init_array     0x0000000008000e80        0x4
                0x0000000008000e80                . = ALIGN (0x4)
                0x0000000008000e80                PROVIDE (__init_array_start = .)
 *(SORT_BY_NAME(.init_array.*))
 *(.init_array*)
 .init_array    0x0000000008000e80        0x4 /home/itsmeayoub/Documents/Compilers/gcc-arm-none-eabi/bin/../lib/gcc/arm-none-eabi/10.3.1/thumb/v7e-m+fp/hard/crtbegin.o
                0x0000000008000e84                PROVIDE (__init_array_end = .)
                0x0000000008000e84                . = ALIGN (0x4)

.fini_array     0x0000000008000e84        0x4
                0x0000000008000e84                . = ALIGN (0x4)
                [!provide]                        PROVIDE (__fini_array_start = .)
 *(SORT_BY_NAME(.fini_array.*))
 *(.fini_array*)
 .fini_array    0x0000000008000e84        0x4 /home/itsmeayoub/Documents/Compilers/gcc-arm-none-eabi/bin/../lib/gcc/arm-none-eabi/10.3.1/thumb/v7e-m+fp/hard/crtbegin.o
                [!provide]                        PROVIDE (__fini_array_end = .)
                0x0000000008000e88                . = ALIGN (0x4)
                0x0000000008000e88                _sidata = LOADADDR (.data)

.data           0x0000000020000000       0x10 load address 0x0000000008000e88
                0x0000000020000000                . = ALIGN (0x4)
                0x0000000020000000                _sdata = .
 *(.data)
 *(.data*)
 .data.SystemCoreClock
                0x0000000020000000        0x4 CMakeFiles/NUCLEOF4_CMAKE.dir/Core/Src/system_stm32f4xx.c.obj
                0x0000000020000000                SystemCoreClock
 .data.uwTickFreq
                0x0000000020000004        0x1 CMakeFiles/NUCLEOF4_CMAKE.dir/Drivers/STM32F4xx_HAL_Driver/Src/stm32f4xx_hal.c.obj
                0x0000000020000004                uwTickFreq
 *fill*         0x0000000020000005        0x3 
 .data.uwTickPrio
                0x0000000020000008        0x4 CMakeFiles/NUCLEOF4_CMAKE.dir/Drivers/STM32F4xx_HAL_Driver/Src/stm32f4xx_hal.c.obj
                0x0000000020000008                uwTickPrio
 .data.uxCriticalNesting
                0x000000002000000c        0x4 CMakeFiles/NUCLEOF4_CMAKE.dir/ThirdParty/FreeRTOS/org/portable/GCC/ARM_CM4F/port.c.obj
 *(.RamFunc)
 *(.RamFunc*)
                0x0000000020000010                . = ALIGN (0x4)
                0x0000000020000010                _edata = .

.igot.plt       0x0000000020000010        0x0 load address 0x0000000008000e98
 .igot.plt      0x0000000020000010        0x0 /home/itsmeayoub/Documents/Compilers/gcc-arm-none-eabi/bin/../lib/gcc/arm-none-eabi/10.3.1/thumb/v7e-m+fp/hard/crtbegin.o
                0x0000000020000010                . = ALIGN (0x4)

.bss            0x0000000020000010    0x12d3c load address 0x0000000008000e98
                0x0000000020000010                _sbss = .
                0x0000000020000010                __bss_start__ = _sbss
 *(.bss)
 .bss           0x0000000020000010       0x1c /home/itsmeayoub/Documents/Compilers/gcc-arm-none-eabi/bin/../lib/gcc/arm-none-eabi/10.3.1/thumb/v7e-m+fp/hard/crtbegin.o
 *(.bss*)
 .bss.xTaskHandle1
                0x000000002000002c        0x4 CMakeFiles/NUCLEOF4_CMAKE.dir/Core/Src/main.c.obj
                0x000000002000002c                xTaskHandle1
 .bss.xTaskHandle2
                0x0000000020000030        0x4 CMakeFiles/NUCLEOF4_CMAKE.dir/Core/Src/main.c.obj
                0x0000000020000030                xTaskHandle2
 .bss.uwTick    0x0000000020000034        0x4 CMakeFiles/NUCLEOF4_CMAKE.dir/Drivers/STM32F4xx_HAL_Driver/Src/stm32f4xx_hal.c.obj
                0x0000000020000034                uwTick
 .bss.pxEnd     0x0000000020000038        0x4 CMakeFiles/NUCLEOF4_CMAKE.dir/ThirdParty/FreeRTOS/org/portable/MemMang/heap_4.c.obj
 .bss.ucHeap    0x000000002000003c    0x12c00 CMakeFiles/NUCLEOF4_CMAKE.dir/ThirdParty/FreeRTOS/org/portable/MemMang/heap_4.c.obj
 .bss.xBlockAllocatedBit
                0x0000000020012c3c        0x4 CMakeFiles/NUCLEOF4_CMAKE.dir/ThirdParty/FreeRTOS/org/portable/MemMang/heap_4.c.obj
 .bss.xFreeBytesRemaining
                0x0000000020012c40        0x4 CMakeFiles/NUCLEOF4_CMAKE.dir/ThirdParty/FreeRTOS/org/portable/MemMang/heap_4.c.obj
 .bss.xMinimumEverFreeBytesRemaining
                0x0000000020012c44        0x4 CMakeFiles/NUCLEOF4_CMAKE.dir/ThirdParty/FreeRTOS/org/portable/MemMang/heap_4.c.obj
 .bss.xStart    0x0000000020012c48        0x8 CMakeFiles/NUCLEOF4_CMAKE.dir/ThirdParty/FreeRTOS/org/portable/MemMang/heap_4.c.obj
 .bss.pxCurrentTCB
                0x0000000020012c50        0x4 CMakeFiles/NUCLEOF4_CMAKE.dir/ThirdParty/FreeRTOS/org/tasks.c.obj
                0x0000000020012c50                pxCurrentTCB
 .bss.pxDelayedTaskList
                0x0000000020012c54        0x4 CMakeFiles/NUCLEOF4_CMAKE.dir/ThirdParty/FreeRTOS/org/tasks.c.obj
 .bss.pxOverflowDelayedTaskList
                0x0000000020012c58        0x4 CMakeFiles/NUCLEOF4_CMAKE.dir/ThirdParty/FreeRTOS/org/tasks.c.obj
 .bss.pxReadyTasksLists
                0x0000000020012c5c       0x64 CMakeFiles/NUCLEOF4_CMAKE.dir/ThirdParty/FreeRTOS/org/tasks.c.obj
 .bss.uxCurrentNumberOfTasks
                0x0000000020012cc0        0x4 CMakeFiles/NUCLEOF4_CMAKE.dir/ThirdParty/FreeRTOS/org/tasks.c.obj
 .bss.uxSchedulerSuspended
                0x0000000020012cc4        0x4 CMakeFiles/NUCLEOF4_CMAKE.dir/ThirdParty/FreeRTOS/org/tasks.c.obj
 .bss.uxTaskNumber
                0x0000000020012cc8        0x4 CMakeFiles/NUCLEOF4_CMAKE.dir/ThirdParty/FreeRTOS/org/tasks.c.obj
 .bss.uxTopReadyPriority
                0x0000000020012ccc        0x4 CMakeFiles/NUCLEOF4_CMAKE.dir/ThirdParty/FreeRTOS/org/tasks.c.obj
 .bss.xDelayedTaskList1
                0x0000000020012cd0       0x14 CMakeFiles/NUCLEOF4_CMAKE.dir/ThirdParty/FreeRTOS/org/tasks.c.obj
 .bss.xDelayedTaskList2
                0x0000000020012ce4       0x14 CMakeFiles/NUCLEOF4_CMAKE.dir/ThirdParty/FreeRTOS/org/tasks.c.obj
 .bss.xNextTaskUnblockTime
                0x0000000020012cf8        0x4 CMakeFiles/NUCLEOF4_CMAKE.dir/ThirdParty/FreeRTOS/org/tasks.c.obj
 .bss.xNumOfOverflows
                0x0000000020012cfc        0x4 CMakeFiles/NUCLEOF4_CMAKE.dir/ThirdParty/FreeRTOS/org/tasks.c.obj
 .bss.xPendedTicks
                0x0000000020012d00        0x4 CMakeFiles/NUCLEOF4_CMAKE.dir/ThirdParty/FreeRTOS/org/tasks.c.obj
 .bss.xPendingReadyList
                0x0000000020012d04       0x14 CMakeFiles/NUCLEOF4_CMAKE.dir/ThirdParty/FreeRTOS/org/tasks.c.obj
 .bss.xSchedulerRunning
                0x0000000020012d18        0x4 CMakeFiles/NUCLEOF4_CMAKE.dir/ThirdParty/FreeRTOS/org/tasks.c.obj
 .bss.xSuspendedTaskList
                0x0000000020012d1c       0x14 CMakeFiles/NUCLEOF4_CMAKE.dir/ThirdParty/FreeRTOS/org/tasks.c.obj
 .bss.xTasksWaitingTermination
                0x0000000020012d30       0x14 CMakeFiles/NUCLEOF4_CMAKE.dir/ThirdParty/FreeRTOS/org/tasks.c.obj
 .bss.xTickCount
                0x0000000020012d44        0x4 CMakeFiles/NUCLEOF4_CMAKE.dir/ThirdParty/FreeRTOS/org/tasks.c.obj
 .bss.xYieldPending
                0x0000000020012d48        0x4 CMakeFiles/NUCLEOF4_CMAKE.dir/ThirdParty/FreeRTOS/org/tasks.c.obj
 *(COMMON)
                0x0000000020012d4c                . = ALIGN (0x4)
                0x0000000020012d4c                _ebss = .
                0x0000000020012d4c                __bss_end__ = _ebss

._user_heap_stack
                0x0000000020012d4c      0x604 load address 0x0000000008000e98
                0x0000000020012d50                . = ALIGN (0x8)
 *fill*         0x0000000020012d4c        0x4 
                [!provide]                        PROVIDE (end = .)
                0x0000000020012d50                PROVIDE (_end = .)
                0x0000000020012f50                . = (. + _Min_Heap_Size)
 *fill*         0x0000000020012d50      0x200 
                0x0000000020013350                . = (. + _Min_Stack_Size)
 *fill*         0x0000000020012f50      0x400 
                0x0000000020013350                . = ALIGN (0x8)

/DISCARD/
 libc.a(*)
 libm.a(*)
 libgcc.a(*)

.ARM.attributes
                0x0000000000000000       0x30
 *(.ARM.attributes)
 .ARM.attributes
                0x0000000000000000       0x1e /home/itsmeayoub/Documents/Compilers/gcc-arm-none-eabi/bin/../lib/gcc/arm-none-eabi/10.3.1/thumb/v7e-m+fp/hard/crti.o
 .ARM.attributes
                0x000000000000001e       0x34 /home/itsmeayoub/Documents/Compilers/gcc-arm-none-eabi/bin/../lib/gcc/arm-none-eabi/10.3.1/thumb/v7e-m+fp/hard/crtbegin.o
 .ARM.attributes
                0x0000000000000052       0x34 /home/itsmeayoub/Documents/Compilers/gcc-arm-none-eabi/bin/../lib/gcc/arm-none-eabi/10.3.1/../../../../arm-none-eabi/lib/thumb/v7e-m+fp/hard/libc_nano.a(lib_a-init.o)
 .ARM.attributes
                0x0000000000000086       0x34 /home/itsmeayoub/Documents/Compilers/gcc-arm-none-eabi/bin/../lib/gcc/arm-none-eabi/10.3.1/../../../../arm-none-eabi/lib/thumb/v7e-m+fp/hard/libc_nano.a(lib_a-memset.o)
 .ARM.attributes
                0x00000000000000ba       0x34 CMakeFiles/NUCLEOF4_CMAKE.dir/Core/Src/main.c.obj
 .ARM.attributes
                0x00000000000000ee       0x34 CMakeFiles/NUCLEOF4_CMAKE.dir/Core/Src/stm32f4xx_it.c.obj
 .ARM.attributes
                0x0000000000000122       0x34 CMakeFiles/NUCLEOF4_CMAKE.dir/Core/Src/system_stm32f4xx.c.obj
 .ARM.attributes
                0x0000000000000156       0x34 CMakeFiles/NUCLEOF4_CMAKE.dir/Drivers/STM32F4xx_HAL_Driver/Src/stm32f4xx_hal.c.obj
 .ARM.attributes
                0x000000000000018a       0x34 CMakeFiles/NUCLEOF4_CMAKE.dir/Drivers/STM32F4xx_HAL_Driver/Src/stm32f4xx_hal_cortex.c.obj
 .ARM.attributes
                0x00000000000001be       0x34 CMakeFiles/NUCLEOF4_CMAKE.dir/Drivers/STM32F4xx_HAL_Driver/Src/stm32f4xx_hal_rcc_ex.c.obj
 .ARM.attributes
                0x00000000000001f2       0x34 CMakeFiles/NUCLEOF4_CMAKE.dir/ThirdParty/FreeRTOS/org/list.c.obj
 .ARM.attributes
                0x0000000000000226       0x34 CMakeFiles/NUCLEOF4_CMAKE.dir/ThirdParty/FreeRTOS/org/portable/GCC/ARM_CM4F/port.c.obj
 .ARM.attributes
                0x000000000000025a       0x34 CMakeFiles/NUCLEOF4_CMAKE.dir/ThirdParty/FreeRTOS/org/portable/MemMang/heap_4.c.obj
 .ARM.attributes
                0x000000000000028e       0x34 CMakeFiles/NUCLEOF4_CMAKE.dir/ThirdParty/FreeRTOS/org/tasks.c.obj
 .ARM.attributes
                0x00000000000002c2       0x21 CMakeFiles/NUCLEOF4_CMAKE.dir/startup_stm32f446retx.s.obj
 .ARM.attributes
                0x00000000000002e3       0x1e /home/itsmeayoub/Documents/Compilers/gcc-arm-none-eabi/bin/../lib/gcc/arm-none-eabi/10.3.1/thumb/v7e-m+fp/hard/crtn.o
OUTPUT(NUCLEOF4_CMAKE.elf elf32-littlearm)
LOAD linker stubs
LOAD /home/itsmeayoub/Documents/Compilers/gcc-arm-none-eabi/bin/../lib/gcc/arm-none-eabi/10.3.1/../../../../arm-none-eabi/lib/thumb/v7e-m+fp/hard/libc.a
LOAD /home/itsmeayoub/Documents/Compilers/gcc-arm-none-eabi/bin/../lib/gcc/arm-none-eabi/10.3.1/../../../../arm-none-eabi/lib/thumb/v7e-m+fp/hard/libm.a
LOAD /home/itsmeayoub/Documents/Compilers/gcc-arm-none-eabi/bin/../lib/gcc/arm-none-eabi/10.3.1/thumb/v7e-m+fp/hard/libgcc.a

.debug_frame    0x0000000000000000      0xec0
 .debug_frame   0x0000000000000000       0x2c /home/itsmeayoub/Documents/Compilers/gcc-arm-none-eabi/bin/../lib/gcc/arm-none-eabi/10.3.1/../../../../arm-none-eabi/lib/thumb/v7e-m+fp/hard/libc_nano.a(lib_a-init.o)
 .debug_frame   0x000000000000002c       0x20 /home/itsmeayoub/Documents/Compilers/gcc-arm-none-eabi/bin/../lib/gcc/arm-none-eabi/10.3.1/../../../../arm-none-eabi/lib/thumb/v7e-m+fp/hard/libc_nano.a(lib_a-memset.o)
 .debug_frame   0x000000000000004c       0x50 CMakeFiles/NUCLEOF4_CMAKE.dir/Core/Src/main.c.obj
 .debug_frame   0x000000000000009c       0xa8 CMakeFiles/NUCLEOF4_CMAKE.dir/Core/Src/stm32f4xx_it.c.obj
 .debug_frame   0x0000000000000144       0x30 CMakeFiles/NUCLEOF4_CMAKE.dir/Core/Src/system_stm32f4xx.c.obj
 .debug_frame   0x0000000000000174      0x1ec CMakeFiles/NUCLEOF4_CMAKE.dir/Drivers/STM32F4xx_HAL_Driver/Src/stm32f4xx_hal.c.obj
 .debug_frame   0x0000000000000360      0x148 CMakeFiles/NUCLEOF4_CMAKE.dir/Drivers/STM32F4xx_HAL_Driver/Src/stm32f4xx_hal_cortex.c.obj
 .debug_frame   0x00000000000004a8      0x14c CMakeFiles/NUCLEOF4_CMAKE.dir/Drivers/STM32F4xx_HAL_Driver/Src/stm32f4xx_hal_rcc_ex.c.obj
 .debug_frame   0x00000000000005f4       0x70 CMakeFiles/NUCLEOF4_CMAKE.dir/ThirdParty/FreeRTOS/org/list.c.obj
 .debug_frame   0x0000000000000664      0x12c CMakeFiles/NUCLEOF4_CMAKE.dir/ThirdParty/FreeRTOS/org/portable/GCC/ARM_CM4F/port.c.obj
 .debug_frame   0x0000000000000790       0xb0 CMakeFiles/NUCLEOF4_CMAKE.dir/ThirdParty/FreeRTOS/org/portable/MemMang/heap_4.c.obj
 .debug_frame   0x0000000000000840      0x680 CMakeFiles/NUCLEOF4_CMAKE.dir/ThirdParty/FreeRTOS/org/tasks.c.obj

.debug_info     0x0000000000000000     0x726f
 .debug_info    0x0000000000000000      0x1d8 CMakeFiles/NUCLEOF4_CMAKE.dir/Core/Src/main.c.obj
 .debug_info    0x00000000000001d8      0x133 CMakeFiles/NUCLEOF4_CMAKE.dir/Core/Src/stm32f4xx_it.c.obj
 .debug_info    0x000000000000030b      0x574 CMakeFiles/NUCLEOF4_CMAKE.dir/Core/Src/system_stm32f4xx.c.obj
 .debug_info    0x000000000000087f      0xa4a CMakeFiles/NUCLEOF4_CMAKE.dir/Drivers/STM32F4xx_HAL_Driver/Src/stm32f4xx_hal.c.obj
 .debug_info    0x00000000000012c9     0x10ba CMakeFiles/NUCLEOF4_CMAKE.dir/Drivers/STM32F4xx_HAL_Driver/Src/stm32f4xx_hal_cortex.c.obj
 .debug_info    0x0000000000002383      0xce7 CMakeFiles/NUCLEOF4_CMAKE.dir/Drivers/STM32F4xx_HAL_Driver/Src/stm32f4xx_hal_rcc_ex.c.obj
 .debug_info    0x000000000000306a      0x2e4 CMakeFiles/NUCLEOF4_CMAKE.dir/ThirdParty/FreeRTOS/org/list.c.obj
 .debug_info    0x000000000000334e      0x63a CMakeFiles/NUCLEOF4_CMAKE.dir/ThirdParty/FreeRTOS/org/portable/GCC/ARM_CM4F/port.c.obj
 .debug_info    0x0000000000003988      0x4c8 CMakeFiles/NUCLEOF4_CMAKE.dir/ThirdParty/FreeRTOS/org/portable/MemMang/heap_4.c.obj
 .debug_info    0x0000000000003e50     0x33fd CMakeFiles/NUCLEOF4_CMAKE.dir/ThirdParty/FreeRTOS/org/tasks.c.obj
 .debug_info    0x000000000000724d       0x22 CMakeFiles/NUCLEOF4_CMAKE.dir/startup_stm32f446retx.s.obj

.debug_abbrev   0x0000000000000000     0x1373
 .debug_abbrev  0x0000000000000000      0x10b CMakeFiles/NUCLEOF4_CMAKE.dir/Core/Src/main.c.obj
 .debug_abbrev  0x000000000000010b       0x81 CMakeFiles/NUCLEOF4_CMAKE.dir/Core/Src/stm32f4xx_it.c.obj
 .debug_abbrev  0x000000000000018c      0x11c CMakeFiles/NUCLEOF4_CMAKE.dir/Core/Src/system_stm32f4xx.c.obj
 .debug_abbrev  0x00000000000002a8      0x209 CMakeFiles/NUCLEOF4_CMAKE.dir/Drivers/STM32F4xx_HAL_Driver/Src/stm32f4xx_hal.c.obj
 .debug_abbrev  0x00000000000004b1      0x36d CMakeFiles/NUCLEOF4_CMAKE.dir/Drivers/STM32F4xx_HAL_Driver/Src/stm32f4xx_hal_cortex.c.obj
 .debug_abbrev  0x000000000000081e      0x221 CMakeFiles/NUCLEOF4_CMAKE.dir/Drivers/STM32F4xx_HAL_Driver/Src/stm32f4xx_hal_rcc_ex.c.obj
 .debug_abbrev  0x0000000000000a3f      0x109 CMakeFiles/NUCLEOF4_CMAKE.dir/ThirdParty/FreeRTOS/org/list.c.obj
 .debug_abbrev  0x0000000000000b48      0x26e CMakeFiles/NUCLEOF4_CMAKE.dir/ThirdParty/FreeRTOS/org/portable/GCC/ARM_CM4F/port.c.obj
 .debug_abbrev  0x0000000000000db6      0x259 CMakeFiles/NUCLEOF4_CMAKE.dir/ThirdParty/FreeRTOS/org/portable/MemMang/heap_4.c.obj
 .debug_abbrev  0x000000000000100f      0x352 CMakeFiles/NUCLEOF4_CMAKE.dir/ThirdParty/FreeRTOS/org/tasks.c.obj
 .debug_abbrev  0x0000000000001361       0x12 CMakeFiles/NUCLEOF4_CMAKE.dir/startup_stm32f446retx.s.obj

.debug_loc      0x0000000000000000     0x465a
 .debug_loc     0x0000000000000000       0x2a CMakeFiles/NUCLEOF4_CMAKE.dir/Core/Src/main.c.obj
 .debug_loc     0x000000000000002a      0x158 CMakeFiles/NUCLEOF4_CMAKE.dir/Core/Src/system_stm32f4xx.c.obj
 .debug_loc     0x0000000000000182      0x141 CMakeFiles/NUCLEOF4_CMAKE.dir/Drivers/STM32F4xx_HAL_Driver/Src/stm32f4xx_hal.c.obj
 .debug_loc     0x00000000000002c3      0x744 CMakeFiles/NUCLEOF4_CMAKE.dir/Drivers/STM32F4xx_HAL_Driver/Src/stm32f4xx_hal_cortex.c.obj
 .debug_loc     0x0000000000000a07      0xeab CMakeFiles/NUCLEOF4_CMAKE.dir/Drivers/STM32F4xx_HAL_Driver/Src/stm32f4xx_hal_rcc_ex.c.obj
 .debug_loc     0x00000000000018b2       0xad CMakeFiles/NUCLEOF4_CMAKE.dir/ThirdParty/FreeRTOS/org/list.c.obj
 .debug_loc     0x000000000000195f      0x150 CMakeFiles/NUCLEOF4_CMAKE.dir/ThirdParty/FreeRTOS/org/portable/GCC/ARM_CM4F/port.c.obj
 .debug_loc     0x0000000000001aaf      0x319 CMakeFiles/NUCLEOF4_CMAKE.dir/ThirdParty/FreeRTOS/org/portable/MemMang/heap_4.c.obj
 .debug_loc     0x0000000000001dc8     0x2892 CMakeFiles/NUCLEOF4_CMAKE.dir/ThirdParty/FreeRTOS/org/tasks.c.obj

.debug_aranges  0x0000000000000000      0x608
 .debug_aranges
                0x0000000000000000       0x30 CMakeFiles/NUCLEOF4_CMAKE.dir/Core/Src/main.c.obj
 .debug_aranges
                0x0000000000000030       0x60 CMakeFiles/NUCLEOF4_CMAKE.dir/Core/Src/stm32f4xx_it.c.obj
 .debug_aranges
                0x0000000000000090       0x28 CMakeFiles/NUCLEOF4_CMAKE.dir/Core/Src/system_stm32f4xx.c.obj
 .debug_aranges
                0x00000000000000b8       0xf0 CMakeFiles/NUCLEOF4_CMAKE.dir/Drivers/STM32F4xx_HAL_Driver/Src/stm32f4xx_hal.c.obj
 .debug_aranges
                0x00000000000001a8       0xa8 CMakeFiles/NUCLEOF4_CMAKE.dir/Drivers/STM32F4xx_HAL_Driver/Src/stm32f4xx_hal_cortex.c.obj
 .debug_aranges
                0x0000000000000250       0x78 CMakeFiles/NUCLEOF4_CMAKE.dir/Drivers/STM32F4xx_HAL_Driver/Src/stm32f4xx_hal_rcc_ex.c.obj
 .debug_aranges
                0x00000000000002c8       0x40 CMakeFiles/NUCLEOF4_CMAKE.dir/ThirdParty/FreeRTOS/org/list.c.obj
 .debug_aranges
                0x0000000000000308       0x88 CMakeFiles/NUCLEOF4_CMAKE.dir/ThirdParty/FreeRTOS/org/portable/GCC/ARM_CM4F/port.c.obj
 .debug_aranges
                0x0000000000000390       0x50 CMakeFiles/NUCLEOF4_CMAKE.dir/ThirdParty/FreeRTOS/org/portable/MemMang/heap_4.c.obj
 .debug_aranges
                0x00000000000003e0      0x200 CMakeFiles/NUCLEOF4_CMAKE.dir/ThirdParty/FreeRTOS/org/tasks.c.obj
 .debug_aranges
                0x00000000000005e0       0x28 CMakeFiles/NUCLEOF4_CMAKE.dir/startup_stm32f446retx.s.obj

.debug_ranges   0x0000000000000000      0x788
 .debug_ranges  0x0000000000000000       0x20 CMakeFiles/NUCLEOF4_CMAKE.dir/Core/Src/main.c.obj
 .debug_ranges  0x0000000000000020       0x50 CMakeFiles/NUCLEOF4_CMAKE.dir/Core/Src/stm32f4xx_it.c.obj
 .debug_ranges  0x0000000000000070       0x18 CMakeFiles/NUCLEOF4_CMAKE.dir/Core/Src/system_stm32f4xx.c.obj
 .debug_ranges  0x0000000000000088       0xe0 CMakeFiles/NUCLEOF4_CMAKE.dir/Drivers/STM32F4xx_HAL_Driver/Src/stm32f4xx_hal.c.obj
 .debug_ranges  0x0000000000000168       0xf8 CMakeFiles/NUCLEOF4_CMAKE.dir/Drivers/STM32F4xx_HAL_Driver/Src/stm32f4xx_hal_cortex.c.obj
 .debug_ranges  0x0000000000000260       0x80 CMakeFiles/NUCLEOF4_CMAKE.dir/Drivers/STM32F4xx_HAL_Driver/Src/stm32f4xx_hal_rcc_ex.c.obj
 .debug_ranges  0x00000000000002e0       0x30 CMakeFiles/NUCLEOF4_CMAKE.dir/ThirdParty/FreeRTOS/org/list.c.obj
 .debug_ranges  0x0000000000000310       0xa8 CMakeFiles/NUCLEOF4_CMAKE.dir/ThirdParty/FreeRTOS/org/portable/GCC/ARM_CM4F/port.c.obj
 .debug_ranges  0x00000000000003b8       0x40 CMakeFiles/NUCLEOF4_CMAKE.dir/ThirdParty/FreeRTOS/org/portable/MemMang/heap_4.c.obj
 .debug_ranges  0x00000000000003f8      0x370 CMakeFiles/NUCLEOF4_CMAKE.dir/ThirdParty/FreeRTOS/org/tasks.c.obj
 .debug_ranges  0x0000000000000768       0x20 CMakeFiles/NUCLEOF4_CMAKE.dir/startup_stm32f446retx.s.obj

.debug_macro    0x0000000000000000    0x20c56
 .debug_macro   0x0000000000000000      0x22c CMakeFiles/NUCLEOF4_CMAKE.dir/Core/Src/main.c.obj
 .debug_macro   0x000000000000022c      0xa72 CMakeFiles/NUCLEOF4_CMAKE.dir/Core/Src/main.c.obj
 .debug_macro   0x0000000000000c9e      0x174 CMakeFiles/NUCLEOF4_CMAKE.dir/Core/Src/main.c.obj
 .debug_macro   0x0000000000000e12       0x22 CMakeFiles/NUCLEOF4_CMAKE.dir/Core/Src/main.c.obj
 .debug_macro   0x0000000000000e34       0x8e CMakeFiles/NUCLEOF4_CMAKE.dir/Core/Src/main.c.obj
 .debug_macro   0x0000000000000ec2       0x51 CMakeFiles/NUCLEOF4_CMAKE.dir/Core/Src/main.c.obj
 .debug_macro   0x0000000000000f13      0x103 CMakeFiles/NUCLEOF4_CMAKE.dir/Core/Src/main.c.obj
 .debug_macro   0x0000000000001016       0x6a CMakeFiles/NUCLEOF4_CMAKE.dir/Core/Src/main.c.obj
 .debug_macro   0x0000000000001080      0x1df CMakeFiles/NUCLEOF4_CMAKE.dir/Core/Src/main.c.obj
 .debug_macro   0x000000000000125f      0x115 CMakeFiles/NUCLEOF4_CMAKE.dir/Core/Src/main.c.obj
 .debug_macro   0x0000000000001374      0x15a CMakeFiles/NUCLEOF4_CMAKE.dir/Core/Src/main.c.obj
 .debug_macro   0x00000000000014ce       0xea CMakeFiles/NUCLEOF4_CMAKE.dir/Core/Src/main.c.obj
 .debug_macro   0x00000000000015b8       0x1c CMakeFiles/NUCLEOF4_CMAKE.dir/Core/Src/main.c.obj
 .debug_macro   0x00000000000015d4       0x26 CMakeFiles/NUCLEOF4_CMAKE.dir/Core/Src/main.c.obj
 .debug_macro   0x00000000000015fa      0x52e CMakeFiles/NUCLEOF4_CMAKE.dir/Core/Src/main.c.obj
 .debug_macro   0x0000000000001b28       0xb5 CMakeFiles/NUCLEOF4_CMAKE.dir/Core/Src/main.c.obj
 .debug_macro   0x0000000000001bdd      0x120 CMakeFiles/NUCLEOF4_CMAKE.dir/Core/Src/main.c.obj
 .debug_macro   0x0000000000001cfd       0x39 CMakeFiles/NUCLEOF4_CMAKE.dir/Core/Src/main.c.obj
 .debug_macro   0x0000000000001d36       0x28 CMakeFiles/NUCLEOF4_CMAKE.dir/Core/Src/main.c.obj
 .debug_macro   0x0000000000001d5e       0x1c CMakeFiles/NUCLEOF4_CMAKE.dir/Core/Src/main.c.obj
 .debug_macro   0x0000000000001d7a       0x22 CMakeFiles/NUCLEOF4_CMAKE.dir/Core/Src/main.c.obj
 .debug_macro   0x0000000000001d9c       0xd9 CMakeFiles/NUCLEOF4_CMAKE.dir/Core/Src/main.c.obj
 .debug_macro   0x0000000000001e75     0x102d CMakeFiles/NUCLEOF4_CMAKE.dir/Core/Src/main.c.obj
 .debug_macro   0x0000000000002ea2      0x11f CMakeFiles/NUCLEOF4_CMAKE.dir/Core/Src/main.c.obj
 .debug_macro   0x0000000000002fc1    0x16749 CMakeFiles/NUCLEOF4_CMAKE.dir/Core/Src/main.c.obj
 .debug_macro   0x000000000001970a       0x6d CMakeFiles/NUCLEOF4_CMAKE.dir/Core/Src/main.c.obj
 .debug_macro   0x0000000000019777      0x295 CMakeFiles/NUCLEOF4_CMAKE.dir/Core/Src/main.c.obj
 .debug_macro   0x0000000000019a0c     0x367e CMakeFiles/NUCLEOF4_CMAKE.dir/Core/Src/main.c.obj
 .debug_macro   0x000000000001d08a       0x5c CMakeFiles/NUCLEOF4_CMAKE.dir/Core/Src/main.c.obj
 .debug_macro   0x000000000001d0e6      0xc90 CMakeFiles/NUCLEOF4_CMAKE.dir/Core/Src/main.c.obj
 .debug_macro   0x000000000001dd76      0x9fe CMakeFiles/NUCLEOF4_CMAKE.dir/Core/Src/main.c.obj
 .debug_macro   0x000000000001e774      0x115 CMakeFiles/NUCLEOF4_CMAKE.dir/Core/Src/main.c.obj
 .debug_macro   0x000000000001e889      0x1a0 CMakeFiles/NUCLEOF4_CMAKE.dir/Core/Src/main.c.obj
 .debug_macro   0x000000000001ea29       0xa5 CMakeFiles/NUCLEOF4_CMAKE.dir/Core/Src/main.c.obj
 .debug_macro   0x000000000001eace      0x16d CMakeFiles/NUCLEOF4_CMAKE.dir/Core/Src/main.c.obj
 .debug_macro   0x000000000001ec3b      0x287 CMakeFiles/NUCLEOF4_CMAKE.dir/Core/Src/main.c.obj
 .debug_macro   0x000000000001eec2       0x5f CMakeFiles/NUCLEOF4_CMAKE.dir/Core/Src/main.c.obj
 .debug_macro   0x000000000001ef21      0x236 CMakeFiles/NUCLEOF4_CMAKE.dir/Core/Src/main.c.obj
 .debug_macro   0x000000000001f157      0x132 CMakeFiles/NUCLEOF4_CMAKE.dir/Core/Src/main.c.obj
 .debug_macro   0x000000000001f289      0x29c CMakeFiles/NUCLEOF4_CMAKE.dir/Core/Src/main.c.obj
 .debug_macro   0x000000000001f525       0x2e CMakeFiles/NUCLEOF4_CMAKE.dir/Core/Src/main.c.obj
 .debug_macro   0x000000000001f553      0x11a CMakeFiles/NUCLEOF4_CMAKE.dir/Core/Src/main.c.obj
 .debug_macro   0x000000000001f66d       0xe8 CMakeFiles/NUCLEOF4_CMAKE.dir/Core/Src/main.c.obj
 .debug_macro   0x000000000001f755       0x89 CMakeFiles/NUCLEOF4_CMAKE.dir/Core/Src/main.c.obj
 .debug_macro   0x000000000001f7de      0x295 CMakeFiles/NUCLEOF4_CMAKE.dir/Core/Src/main.c.obj
 .debug_macro   0x000000000001fa73      0x126 CMakeFiles/NUCLEOF4_CMAKE.dir/Core/Src/main.c.obj
 .debug_macro   0x000000000001fb99      0x1d3 CMakeFiles/NUCLEOF4_CMAKE.dir/Core/Src/stm32f4xx_it.c.obj
 .debug_macro   0x000000000001fd6c      0x1ba CMakeFiles/NUCLEOF4_CMAKE.dir/Core/Src/system_stm32f4xx.c.obj
 .debug_macro   0x000000000001ff26      0x21a CMakeFiles/NUCLEOF4_CMAKE.dir/Drivers/STM32F4xx_HAL_Driver/Src/stm32f4xx_hal.c.obj
 .debug_macro   0x0000000000020140      0x1ba CMakeFiles/NUCLEOF4_CMAKE.dir/Drivers/STM32F4xx_HAL_Driver/Src/stm32f4xx_hal_cortex.c.obj
 .debug_macro   0x00000000000202fa      0x1ba CMakeFiles/NUCLEOF4_CMAKE.dir/Drivers/STM32F4xx_HAL_Driver/Src/stm32f4xx_hal_rcc_ex.c.obj
 .debug_macro   0x00000000000204b4      0x1a3 CMakeFiles/NUCLEOF4_CMAKE.dir/ThirdParty/FreeRTOS/org/list.c.obj
 .debug_macro   0x0000000000020657      0x1a6 CMakeFiles/NUCLEOF4_CMAKE.dir/ThirdParty/FreeRTOS/org/portable/GCC/ARM_CM4F/port.c.obj
 .debug_macro   0x00000000000207fd      0x1be CMakeFiles/NUCLEOF4_CMAKE.dir/ThirdParty/FreeRTOS/org/portable/MemMang/heap_4.c.obj
 .debug_macro   0x00000000000209bb      0x28b CMakeFiles/NUCLEOF4_CMAKE.dir/ThirdParty/FreeRTOS/org/tasks.c.obj
 .debug_macro   0x0000000000020c46       0x10 CMakeFiles/NUCLEOF4_CMAKE.dir/ThirdParty/FreeRTOS/org/tasks.c.obj

.debug_line     0x0000000000000000     0x916d
 .debug_line    0x0000000000000000      0x815 CMakeFiles/NUCLEOF4_CMAKE.dir/Core/Src/main.c.obj
 .debug_line    0x0000000000000815      0x746 CMakeFiles/NUCLEOF4_CMAKE.dir/Core/Src/stm32f4xx_it.c.obj
 .debug_line    0x0000000000000f5b      0x703 CMakeFiles/NUCLEOF4_CMAKE.dir/Core/Src/system_stm32f4xx.c.obj
 .debug_line    0x000000000000165e      0x9a4 CMakeFiles/NUCLEOF4_CMAKE.dir/Drivers/STM32F4xx_HAL_Driver/Src/stm32f4xx_hal.c.obj
 .debug_line    0x0000000000002002      0xbe8 CMakeFiles/NUCLEOF4_CMAKE.dir/Drivers/STM32F4xx_HAL_Driver/Src/stm32f4xx_hal_cortex.c.obj
 .debug_line    0x0000000000002bea     0x17db CMakeFiles/NUCLEOF4_CMAKE.dir/Drivers/STM32F4xx_HAL_Driver/Src/stm32f4xx_hal_rcc_ex.c.obj
 .debug_line    0x00000000000043c5      0x6eb CMakeFiles/NUCLEOF4_CMAKE.dir/ThirdParty/FreeRTOS/org/list.c.obj
 .debug_line    0x0000000000004ab0      0xaf1 CMakeFiles/NUCLEOF4_CMAKE.dir/ThirdParty/FreeRTOS/org/portable/GCC/ARM_CM4F/port.c.obj
 .debug_line    0x00000000000055a1      0x9f5 CMakeFiles/NUCLEOF4_CMAKE.dir/ThirdParty/FreeRTOS/org/portable/MemMang/heap_4.c.obj
 .debug_line    0x0000000000005f96     0x3128 CMakeFiles/NUCLEOF4_CMAKE.dir/ThirdParty/FreeRTOS/org/tasks.c.obj
 .debug_line    0x00000000000090be       0xaf CMakeFiles/NUCLEOF4_CMAKE.dir/startup_stm32f446retx.s.obj

.debug_str      0x0000000000000000    0xcded4
 .debug_str     0x0000000000000000    0xc69ed CMakeFiles/NUCLEOF4_CMAKE.dir/Core/Src/main.c.obj
                                      0xc6c7c (size before relaxing)
 .debug_str     0x00000000000c69ed      0x202 CMakeFiles/NUCLEOF4_CMAKE.dir/Core/Src/stm32f4xx_it.c.obj
                                      0xc2126 (size before relaxing)
 .debug_str     0x00000000000c6bef      0x22a CMakeFiles/NUCLEOF4_CMAKE.dir/Core/Src/system_stm32f4xx.c.obj
                                      0xc214f (size before relaxing)
 .debug_str     0x00000000000c6e19      0xbb6 CMakeFiles/NUCLEOF4_CMAKE.dir/Drivers/STM32F4xx_HAL_Driver/Src/stm32f4xx_hal.c.obj
                                      0xc2d0a (size before relaxing)
 .debug_str     0x00000000000c79cf      0x395 CMakeFiles/NUCLEOF4_CMAKE.dir/Drivers/STM32F4xx_HAL_Driver/Src/stm32f4xx_hal_cortex.c.obj
                                      0xc2a22 (size before relaxing)
 .debug_str     0x00000000000c7d64      0x49d CMakeFiles/NUCLEOF4_CMAKE.dir/Drivers/STM32F4xx_HAL_Driver/Src/stm32f4xx_hal_rcc_ex.c.obj
                                      0xc25cc (size before relaxing)
 .debug_str     0x00000000000c8201     0x303a CMakeFiles/NUCLEOF4_CMAKE.dir/ThirdParty/FreeRTOS/org/list.c.obj
                                       0xaa00 (size before relaxing)
 .debug_str     0x00000000000cb23b      0x8bd CMakeFiles/NUCLEOF4_CMAKE.dir/ThirdParty/FreeRTOS/org/portable/GCC/ARM_CM4F/port.c.obj
                                       0x9500 (size before relaxing)
 .debug_str     0x00000000000cbaf8      0x2ba CMakeFiles/NUCLEOF4_CMAKE.dir/ThirdParty/FreeRTOS/org/portable/MemMang/heap_4.c.obj
                                       0xbdb6 (size before relaxing)
 .debug_str     0x00000000000cbdb2     0x20c5 CMakeFiles/NUCLEOF4_CMAKE.dir/ThirdParty/FreeRTOS/org/tasks.c.obj
                                       0xdec3 (size before relaxing)
 .debug_str     0x00000000000cde77       0x5d CMakeFiles/NUCLEOF4_CMAKE.dir/startup_stm32f446retx.s.obj
                                         0x9a (size before relaxing)

.comment        0x0000000000000000       0x49
 .comment       0x0000000000000000       0x49 CMakeFiles/NUCLEOF4_CMAKE.dir/Core/Src/main.c.obj
                                         0x4a (size before relaxing)
 .comment       0x0000000000000049       0x4a CMakeFiles/NUCLEOF4_CMAKE.dir/Core/Src/stm32f4xx_it.c.obj
 .comment       0x0000000000000049       0x4a CMakeFiles/NUCLEOF4_CMAKE.dir/Core/Src/system_stm32f4xx.c.obj
 .comment       0x0000000000000049       0x4a CMakeFiles/NUCLEOF4_CMAKE.dir/Drivers/STM32F4xx_HAL_Driver/Src/stm32f4xx_hal.c.obj
 .comment       0x0000000000000049       0x4a CMakeFiles/NUCLEOF4_CMAKE.dir/Drivers/STM32F4xx_HAL_Driver/Src/stm32f4xx_hal_cortex.c.obj
 .comment       0x0000000000000049       0x4a CMakeFiles/NUCLEOF4_CMAKE.dir/Drivers/STM32F4xx_HAL_Driver/Src/stm32f4xx_hal_rcc_ex.c.obj
 .comment       0x0000000000000049       0x4a CMakeFiles/NUCLEOF4_CMAKE.dir/ThirdParty/FreeRTOS/org/list.c.obj
 .comment       0x0000000000000049       0x4a CMakeFiles/NUCLEOF4_CMAKE.dir/ThirdParty/FreeRTOS/org/portable/GCC/ARM_CM4F/port.c.obj
 .comment       0x0000000000000049       0x4a CMakeFiles/NUCLEOF4_CMAKE.dir/ThirdParty/FreeRTOS/org/portable/MemMang/heap_4.c.obj
 .comment       0x0000000000000049       0x4a CMakeFiles/NUCLEOF4_CMAKE.dir/ThirdParty/FreeRTOS/org/tasks.c.obj
